// Jest Snapshot v1, https://goo.gl/fbAQLP

exports[`Menu renders correctly 1`] = `
<div
  className="menu__section"
  role="navigation"
>
  <ul
    className="menu"
  >
    <li>
      <a
        className="menu__item"
        href="/"
      >
        home
      </a>
    </li>
    <li>
      <a
        className="menu__item"
        href="/about"
      >
        about
      </a>
    </li>
    <li>
      <a
        className="menu__item"
        href="/posts"
      >
        posts
      </a>
    </li>
    <li>
      <a
        className="menu__item"
        href="/contact"
      >
        contact
      </a>
    </li>
  </ul>
</div>
`;
